[2026-03-31 16:35:51.186][12824][INFO] AetherEngine Logger initialized
[2026-03-31 16:35:51.186][12824][INFO] === AetherEngine Starting ===
[2026-03-31 16:35:51.186][12824][INFO] Version: 2.9.0 (Release/x64)
[2026-03-31 16:35:51.186][12824][INFO] Build: Mar 22 2026 08:51:29
[2026-03-31 16:35:51.186][12824][INFO] Platform: Windows
[2026-03-31 16:35:51.186][12824][INFO] CrashHandler: Initialized, dump directory: C:\Users\GoldGiven\Desktop\cunnei\release\cunnei_release_usercard_v3/crash_dumps
[2026-03-31 16:35:51.186][12824][INFO] InputManager: Initialized
[2026-03-31 16:35:51.186][12824][DEBUG] LuaVM: cffi module registered
[2026-03-31 16:35:51.196][12824][DEBUG] LuaVM: LuaSocket modules registered (socket.core, mime.core)
[2026-03-31 16:35:51.196][12824][DEBUG] LuaVM: State created successfully
[2026-03-31 16:35:51.196][12824][INFO] LuaHost: Initialized with cache dir 'C:\Users\GoldGiven\Desktop\cunnei\release\cunnei_release_usercard_v3/cache'
[2026-03-31 16:35:51.196][12824][DEBUG] ImGuiLua: Module registered as 'imgui'
[2026-03-31 16:35:51.196][12824][DEBUG] Registered all Lua API modules
[2026-03-31 16:35:51.196][12824][INFO] Engine initialized successfully
[2026-03-31 16:35:51.288][12824][INFO] ImGuiApp: DirectComposition initialized successfully
[2026-03-31 16:35:51.380][12824][INFO] ImGuiApp: Hotkeys active (CTRL+HOME/F10/F11/F12 via GetAsyncKeyState)
[2026-03-31 16:35:51.381][12824][INFO] ConfigManager: Loaded config from ./config.json
[2026-03-31 16:35:51.381][12824][DEBUG] ConfigManager: 0 opened files, rememberCard=true
[2026-03-31 16:35:51.381][12824][DEBUG] ImGuiApp: Config loaded, 1 tabs, activeTab=0
[2026-03-31 16:35:51.381][12824][INFO] ImGuiApp: Initialized successfully
[2026-03-31 16:35:51.382][12824][INFO] ImGuiApp: TryAutoLogin: attempting login with saved card...
[2026-03-31 16:35:51.580][12824][DEBUG] HttpClient: Response 200 OK
[2026-03-31 16:35:51.606][12824][INFO] ImGuiApp: Auth success, heartbeat started, expires: 2026-04-22 18:24:36
[2026-03-31 16:35:51.606][12824][INFO] Release mode (window): auth required, mainScript auto-start after login
[2026-03-31 16:35:51.858][12824][INFO] TaskManager initialized with max 16 concurrent tasks
[2026-03-31 16:35:51.858][12824][DEBUG] Task 1 (AvePointStandalone.luac) created
[2026-03-31 16:35:51.858][12824][DEBUG] LuaVM: cffi module registered
[2026-03-31 16:35:51.858][12824][DEBUG] LuaVM: LuaSocket modules registered (socket.core, mime.core)
[2026-03-31 16:35:51.858][12824][DEBUG] LuaVM: State created successfully
[2026-03-31 16:35:51.858][12824][DEBUG] ImGuiLua: Module registered as 'imgui'
[2026-03-31 16:35:51.858][12824][DEBUG] Registered all Lua API modules
[2026-03-31 16:35:51.858][12824][INFO] ImGuiApp: Script task created: C:\Users\GoldGiven\Desktop\cunnei\release\cunnei_release_usercard_v3/AvePointStandalone.luac (id=1)
[2026-03-31 16:35:51.858][12824][INFO] ImGuiApp: Auto-started mainScript after auth: AvePointStandalone.luac
[2026-03-31 16:35:51.859][19016][INFO] Task 1 (AvePointStandalone.luac) started
[2026-03-31 16:35:51.859][19016][INFO] [Lua] AvePoint standalone entry starting
[2026-03-31 16:35:51.864][19016][INFO] [Lua] Process guard starting
[2026-03-31 16:35:51.864][19016][INFO] [Lua] Process guard ready
[2026-03-31 16:35:51.864][19016][INFO] [Lua] Configured avepointTaskMode=1 (刷金) in config.json
[2026-03-31 16:35:51.864][19016][INFO] [Lua] Press Insert or Ctrl+F9 to start current task mode; Delete or Ctrl+F10 to stop
[2026-03-31 16:35:51.864][19016][INFO] [Lua] Press F12 to click the configured target for 回旋矿场
[2026-03-31 16:35:51.864][19016][INFO] [Lua] Press F4 to preview the configured target for 分解所有按钮 without clicking
[2026-03-31 16:35:51.865][19016][INFO] [Lua] Press F3 to dump mouse-nearby button candidates for 当前鼠标按钮定位分析
[2026-03-31 16:35:51.865][19016][INFO] [Lua] Press F11 to validate-click a uniquely matched mouse target for 鼠标按钮验证点击
[2026-03-31 16:35:51.865][19016][INFO] [Lua] Press F7 to print current player position
[2026-03-31 16:35:51.865][19016][INFO] [Lua] Press Ctrl+F12 to exit
[2026-03-31 16:35:51.865][19016][INFO] [Lua] Waiting for torchlight API/game init...
[2026-03-31 16:35:51.865][19016][INFO] HotkeyManager: Started with poll interval 10ms
[2026-03-31 16:35:51.865][7312][DEBUG] HotkeyManager: Listen thread started
[2026-03-31 16:35:52.205][19016][DEBUG] HttpClient: Response 200 OK
[2026-03-31 16:35:52.228][19016][INFO] DriverMode: Driver not loaded, attempting to load...
[2026-03-31 16:35:54.066][19016][DEBUG] DriverMode: Driver loaded successfully
[2026-03-31 16:35:54.067][19016][INFO] DriverMode: Initialized with license (Driver mode)
[2026-03-31 16:35:54.067][19016][INFO] Driver loaded successfully
[2026-03-31 16:35:54.380][19016][DEBUG] DriverMode: InitRemoteCallEx PID=14584, Deployee=0x2541B3F0300
[2026-03-31 16:35:54.419][19016][INFO] [Lua] Torch API initialized
[2026-03-31 16:35:54.419][19016][INFO] [Lua] Current pos: 1414.00, -1701.00, 3098.08
[2026-03-31 16:35:56.476][19016][INFO] [Lua] Random map seed initialized | seed=752126563 pool=7
[2026-03-31 16:35:56.476][19016][INFO] [Lua] Random map selected | cycle=1 key=zawu_jiequ label=杂芜街区 roll=2/7 file=C:\Users\GoldGiven\Desktop\cunnei\release\cunnei_release_usercard_v3\map\zawu_jiequ.txt points=55 reason=start
[2026-03-31 16:35:56.476][19016][INFO] [Lua] Bag cleanup interval selected | target_runs=15 range=10..20 reason=start
[2026-03-31 16:35:56.477][19016][INFO] [Lua] Startup area check | pos=1515.00, -1543.00, 3096.11 nearest_outside=1506.00, -2421.00, 3136.09 distance=878.05 z_diff=39.98 outside=true
[2026-03-31 16:35:56.477][19016][INFO] [Lua] Outer route nearest point 1/5 distance=878.05 -> 1506.00, -2421.00
[2026-03-31 16:35:56.507][19016][DEBUG] DriverMode: ExecRemoteCall func=0x7FF619762A20, ret=997973290640
[2026-03-31 16:35:56.507][19016][INFO] [Lua] Outer route started 1/5 -> 1506.00, -2421.00
[2026-03-31 16:35:56.507][19016][INFO] [Lua] AvePoint automation started | mode=刷金(1)
[2026-03-31 16:35:57.660][19016][DEBUG] DriverMode: ExecRemoteCall func=0x7FF619762A20, ret=997973290640
[2026-03-31 16:35:57.660][19016][INFO] [Lua] Outer route progress 2/5 -> 1773.00, 831.00
[2026-03-31 16:35:59.172][19016][DEBUG] DriverMode: ExecRemoteCall func=0x7FF619762A20, ret=997973290640
[2026-03-31 16:36:00.693][19016][DEBUG] DriverMode: ExecRemoteCall func=0x7FF619762A20, ret=997973290640
[2026-03-31 16:36:02.223][19016][DEBUG] DriverMode: ExecRemoteCall func=0x7FF619762A20, ret=997973290640
[2026-03-31 16:36:02.223][19016][INFO] [Lua] Outer route progress 3/5 -> 4175.00, 2885.00
[2026-03-31 16:36:03.731][19016][DEBUG] DriverMode: ExecRemoteCall func=0x7FF619762A20, ret=997973290640
[2026-03-31 16:36:05.259][19016][DEBUG] DriverMode: ExecRemoteCall func=0x7FF619762A20, ret=997973290640
[2026-03-31 16:36:06.788][19016][DEBUG] DriverMode: ExecRemoteCall func=0x7FF619762A20, ret=997973290640
[2026-03-31 16:36:06.850][19016][DEBUG] DriverMode: ExecRemoteCall func=0x7FF619762A20, ret=997973290640
[2026-03-31 16:36:06.851][19016][INFO] [Lua] Outer route progress 4/5 -> 4945.27, 3439.51
[2026-03-31 16:36:08.206][19016][DEBUG] DriverMode: ExecRemoteCall func=0x7FF619762A20, ret=997973290640
[2026-03-31 16:36:08.206][19016][INFO] [Lua] Outer route progress 5/5 -> 5649.00, 4562.00
[2026-03-31 16:36:09.715][19016][DEBUG] DriverMode: ExecRemoteCall func=0x7FF619762A20, ret=997973290640
[2026-03-31 16:36:10.121][19016][INFO] [Lua] Outer route completed
[2026-03-31 16:36:10.277][19016][DEBUG] KeyboardManager: Mode set to 0
[2026-03-31 16:36:10.385][19016][INFO] [Lua] Pressed key 0x44 | after outer route
[2026-03-31 16:36:11.444][19016][INFO] [Lua] Fetched button MysticArea ClickButton | candidates=6 kind=button addr=2555555811808 text= name=UIButton Transient.GameEngine.CoreGameInstance.UIMysticAreaItem_C.WidgetTree.ClickButton fullname= x=354.24481201172 y=455.318359375 related_text=冰封寒渊 related_name=UITextBlock Transient.UITextBlock related_distance=83.283257428041 hint_distance=
[2026-03-31 16:36:13.175][19016][DEBUG] DriverMode: ExecRemoteCall func=0x7FF618F5E450, ret=140695036279520
[2026-03-31 16:36:13.176][19016][INFO] [Lua] Clicked target MysticArea ClickButton | kind=button addr=2555555811808 text= name=UIButton Transient.GameEngine.CoreGameInstance.UIMysticAreaItem_C.WidgetTree.ClickButton fullname= x=354.24481201172 y=455.318359375
[2026-03-31 16:36:14.800][19016][INFO] [Lua] Fetched button MysticMap ClickButton | anchor_mode=text_distance kind=button addr=2560281651376 text= name=UIButton Transient.GameEngine.CoreGameInstance.UIMysticMapItem_C.WidgetTree.ClickButton fullname= x=456.24139404297 y=500.47296142578 related_text=杂芜街区 related_name=UITextBlock Transient.UITextBlock related_distance=114.4532173519 expected=(114.350, 114.550)
[2026-03-31 16:36:17.047][19016][DEBUG] DriverMode: ExecRemoteCall func=0x7FF618F5E450, ret=140695036279520
[2026-03-31 16:36:17.047][19016][INFO] [Lua] Clicked target MysticMap ClickButton | kind=button addr=2560281651376 text= name=UIButton Transient.GameEngine.CoreGameInstance.UIMysticMapItem_C.WidgetTree.ClickButton fullname= x=456.24139404297 y=500.47296142578
[2026-03-31 16:36:18.405][19016][INFO] [Lua] Fetched button MysteryMapDetail OpenBtn | candidates=1 kind=button addr=2560393443600 text= name=UIButton Transient.GameEngine.CoreGameInstance.MysteryMapDetail_C.WidgetTree.OpenBtn fullname= x=1263.4547119141 y=863.1865234375 related_text= related_name= related_distance= hint_distance=
[2026-03-31 16:36:20.068][19016][DEBUG] DriverMode: ExecRemoteCall func=0x7FF618F5E450, ret=140695036279520
[2026-03-31 16:36:20.069][19016][INFO] [Lua] Clicked target MysteryMapDetail OpenBtn | kind=button addr=2560393443600 text= name=UIButton Transient.GameEngine.CoreGameInstance.MysteryMapDetail_C.WidgetTree.OpenBtn fullname= x=1263.4547119141 y=863.1865234375
[2026-03-31 16:36:21.840][19016][INFO] [Lua] Fetched button MysteryMapDetail OpenBtn Final | candidates=1 kind=button addr=2560393443600 text= name=UIButton Transient.GameEngine.CoreGameInstance.MysteryMapDetail_C.WidgetTree.OpenBtn fullname= x=1263.4547119141 y=863.1865234375 related_text=1 related_name=UITextBlock Transient.GameEngine.CoreGameInstance.MysteryMapDetail_C.WidgetTree.RequireCostIcon.WidgetTree.UUITextBlock_Num related_distance=28.604168578393 hint_distance=
[2026-03-31 16:36:23.360][19016][DEBUG] DriverMode: ExecRemoteCall func=0x7FF618F5E450, ret=140695036279520
[2026-03-31 16:36:23.360][19016][INFO] [Lua] Clicked target MysteryMapDetail OpenBtn Final | kind=button addr=2560393443600 text= name=UIButton Transient.GameEngine.CoreGameInstance.MysteryMapDetail_C.WidgetTree.OpenBtn fullname= x=1263.4547119141 y=863.1865234375
[2026-03-31 16:36:31.284][19016][INFO] [Lua] Fetched button SelectDituConfirm | anchor_mode=text_distance kind=button addr=2560259041456 text=确认 name=UIButton Transient.GameEngine.CoreGameInstance.Confirm_C.WidgetTree.Button3.WidgetTree.ClickBtn fullname= x=713.66888427734 y=556.39196777344 related_text=确认 related_name=UITextBlock Transient.UITextBlock related_distance=9.2669712042775 expected=(8.800, 9.800)
[2026-03-31 16:36:32.541][19016][DEBUG] DriverMode: ExecRemoteCall func=0x7FF618F5E450, ret=140695036279520
[2026-03-31 16:36:32.541][19016][INFO] [Lua] Clicked target SelectDituConfirm | kind=button addr=2560259041456 text=确认 name=UIButton Transient.GameEngine.CoreGameInstance.Confirm_C.WidgetTree.Button3.WidgetTree.ClickBtn fullname= x=713.66888427734 y=556.39196777344
[2026-03-31 16:36:36.535][19016][WARN] [Lua] Waiting map entry confirm | elapsed=6097ms err=Map entry detected, stabilizing 0/1000ms
[2026-03-31 16:36:37.668][19016][WARN] [Lua] Waiting Map route start | elapsed=0ms err=Player position ready, stabilizing 0/1000ms
[2026-03-31 16:36:38.738][19016][DEBUG] DriverMode: ExecRemoteCall func=0x7FF619762A20, ret=997973290640
[2026-03-31 16:36:38.738][19016][INFO] [Lua] Map pickup enabled | key=A scan=250ms press=700ms start_delay=1000ms
[2026-03-31 16:36:38.738][19016][INFO] [Lua] Map route started 1/55 -> 208.00, 2640.00
[2026-03-31 16:36:38.770][19016][DEBUG] MouseManager: Trajectory mode set to 0
[2026-03-31 16:36:38.770][19016][INFO] [Lua] Human idle mouse move scheduled | route=Map route target=(543,713) duration=529ms
[2026-03-31 16:36:40.048][19016][DEBUG] MouseManager: Trajectory mode set to 0
[2026-03-31 16:36:40.312][19016][DEBUG] DriverMode: ExecRemoteCall func=0x7FF619762A20, ret=997973290640
[2026-03-31 16:36:41.564][19016][DEBUG] DriverMode: ExecRemoteCall func=0x7FF619762A20, ret=997973290640
[2026-03-31 16:36:41.564][19016][INFO] [Lua] Map route progress 2/55 -> 656.00, 1168.00
[2026-03-31 16:36:42.671][19016][INFO] [Lua] Ground items detected | count=1
[2026-03-31 16:36:42.763][19016][DEBUG] KeyboardManager: Mode set to 0
[2026-03-31 16:36:42.873][19016][INFO] [Lua] Pressed key 0x41 | pickup loot count=1
[2026-03-31 16:36:43.075][19016][DEBUG] DriverMode: ExecRemoteCall func=0x7FF619762A20, ret=997973290640
[2026-03-31 16:36:43.538][19016][DEBUG] KeyboardManager: Mode set to 0
[2026-03-31 16:36:43.647][19016][INFO] [Lua] Pressed key 0x41 | pickup loot count=1
[2026-03-31 16:36:43.740][19016][DEBUG] DriverMode: ExecRemoteCall func=0x7FF619762A20, ret=997973290640
[2026-03-31 16:36:43.740][19016][INFO] [Lua] Map route progress 3/55 -> -688.00, 304.00
[2026-03-31 16:36:44.253][19016][DEBUG] KeyboardManager: Mode set to 0
[2026-03-31 16:36:44.362][19016][INFO] [Lua] Pressed key 0x41 | pickup loot count=1
[2026-03-31 16:36:45.266][19016][DEBUG] DriverMode: ExecRemoteCall func=0x7FF619762A20, ret=997973290640
[2026-03-31 16:36:45.980][19016][DEBUG] DriverMode: ExecRemoteCall func=0x7FF619762A20, ret=997973290640
[2026-03-31 16:36:45.980][19016][INFO] [Lua] Map route progress 4/55 -> 2576.00, 784.00
[2026-03-31 16:36:47.489][19016][DEBUG] DriverMode: ExecRemoteCall func=0x7FF619762A20, ret=997973290640
[2026-03-31 16:36:48.325][19016][DEBUG] MouseManager: Trajectory mode set to 0
[2026-03-31 16:36:48.325][19016][INFO] [Lua] Human idle mouse move scheduled | route=Map route target=(1337,527) duration=758ms
[2026-03-31 16:36:49.796][19016][DEBUG] MouseManager: Trajectory mode set to 0
[2026-03-31 16:36:49.827][19016][DEBUG] DriverMode: ExecRemoteCall func=0x7FF619762A20, ret=997973290640
[2026-03-31 16:36:50.624][19016][DEBUG] DriverMode: ExecRemoteCall func=0x7FF619762A20, ret=997973290640
[2026-03-31 16:36:50.624][19016][INFO] [Lua] Map route progress 5/55 -> 2512.00, -1232.00
[2026-03-31 16:36:52.137][19016][DEBUG] DriverMode: ExecRemoteCall func=0x7FF619762A20, ret=997973290640
[2026-03-31 16:36:53.430][19016][DEBUG] DriverMode: ExecRemoteCall func=0x7FF619762A20, ret=997973290640
[2026-03-31 16:36:53.431][19016][INFO] [Lua] Map route progress 6/55 -> 2672.00, 752.00
[2026-03-31 16:36:54.952][19016][DEBUG] DriverMode: ExecRemoteCall func=0x7FF619762A20, ret=997973290640
[2026-03-31 16:36:56.088][19016][DEBUG] DriverMode: ExecRemoteCall func=0x7FF619762A20, ret=997973290640
[2026-03-31 16:36:56.088][19016][INFO] [Lua] Map route progress 7/55 -> 3920.00, 1040.00
[2026-03-31 16:36:57.616][19016][DEBUG] DriverMode: ExecRemoteCall func=0x7FF619762A20, ret=997973290640
[2026-03-31 16:36:57.876][19016][DEBUG] DriverMode: ExecRemoteCall func=0x7FF619762A20, ret=997973290640
[2026-03-31 16:36:57.877][19016][INFO] [Lua] Map route progress 8/55 -> 3984.00, 1840.00
[2026-03-31 16:36:58.996][19016][DEBUG] DriverMode: ExecRemoteCall func=0x7FF619762A20, ret=997973290640
[2026-03-31 16:36:58.996][19016][INFO] [Lua] Map route progress 9/55 -> 3408.00, 2480.00
[2026-03-31 16:37:00.199][19016][DEBUG] DriverMode: ExecRemoteCall func=0x7FF619762A20, ret=997973290640
[2026-03-31 16:37:00.200][19016][INFO] [Lua] Map route progress 10/55 -> 3888.00, 3280.00
[2026-03-31 16:37:01.023][19016][DEBUG] MouseManager: Trajectory mode set to 0
[2026-03-31 16:37:01.023][19016][INFO] [Lua] Human idle mouse move scheduled | route=Map route target=(602,890) duration=687ms
[2026-03-31 16:37:02.208][19016][DEBUG] DriverMode: ExecRemoteCall func=0x7FF619762A20, ret=997973290640
[2026-03-31 16:37:02.208][19016][INFO] [Lua] Map route progress 11/55 -> 4624.00, 3856.00
[2026-03-31 16:37:02.519][19016][DEBUG] MouseManager: Trajectory mode set to 0
[2026-03-31 16:37:02.595][19016][DEBUG] DriverMode: ExecRemoteCall func=0x7FF619762A20, ret=997973290640
[2026-03-31 16:37:02.849][19016][INFO] [Lua] Ground items detected | count=1
[2026-03-31 16:37:03.000][19016][DEBUG] KeyboardManager: Mode set to 0
[2026-03-31 16:37:03.111][19016][INFO] [Lua] Pressed key 0x41 | pickup loot count=1
[2026-03-31 16:37:03.483][19016][DEBUG] DriverMode: ExecRemoteCall func=0x7FF619762A20, ret=997973290640
[2026-03-31 16:37:03.483][19016][INFO] [Lua] Map route progress 12/55 -> 5648.00, 3152.00
[2026-03-31 16:37:03.623][19016][DEBUG] KeyboardManager: Mode set to 0
[2026-03-31 16:37:03.731][19016][INFO] [Lua] Pressed key 0x41 | pickup loot count=1
[2026-03-31 16:37:04.417][19016][DEBUG] KeyboardManager: Mode set to 0
[2026-03-31 16:37:04.527][19016][INFO] [Lua] Pressed key 0x41 | pickup loot count=1
[2026-03-31 16:37:04.982][19016][INFO] [Lua] Ground items detected | count=1
[2026-03-31 16:37:05.103][19016][DEBUG] KeyboardManager: Mode set to 0
[2026-03-31 16:37:05.211][19016][INFO] [Lua] Pressed key 0x41 | pickup loot count=1
[2026-03-31 16:37:05.242][19016][DEBUG] DriverMode: ExecRemoteCall func=0x7FF619762A20, ret=997973290640
[2026-03-31 16:37:05.304][19016][DEBUG] DriverMode: ExecRemoteCall func=0x7FF619762A20, ret=997973290640
[2026-03-31 16:37:05.304][19016][INFO] [Lua] Map route progress 13/55 -> 4944.00, 2416.00
[2026-03-31 16:37:05.848][19016][DEBUG] KeyboardManager: Mode set to 0
[2026-03-31 16:37:05.958][19016][INFO] [Lua] Pressed key 0x41 | pickup loot count=1
[2026-03-31 16:37:06.520][19016][DEBUG] KeyboardManager: Mode set to 0
[2026-03-31 16:37:06.629][19016][INFO] [Lua] Pressed key 0x41 | pickup loot count=1
[2026-03-31 16:37:06.660][19016][DEBUG] DriverMode: ExecRemoteCall func=0x7FF619762A20, ret=997973290640
[2026-03-31 16:37:06.660][19016][INFO] [Lua] Map route progress 14/55 -> 5520.00, 1840.00
[2026-03-31 16:37:07.146][19016][INFO] [Lua] Ground items detected | count=1
[2026-03-31 16:37:07.281][19016][DEBUG] KeyboardManager: Mode set to 0
[2026-03-31 16:37:07.391][19016][INFO] [Lua] Pressed key 0x41 | pickup loot count=1
[2026-03-31 16:37:07.748][19016][DEBUG] DriverMode: ExecRemoteCall func=0x7FF619762A20, ret=997973290640
[2026-03-31 16:37:07.748][19016][INFO] [Lua] Map route progress 15/55 -> 5552.00, 944.00
[2026-03-31 16:37:07.981][19016][DEBUG] KeyboardManager: Mode set to 0
[2026-03-31 16:37:08.089][19016][INFO] [Lua] Pressed key 0x41 | pickup loot count=1
[2026-03-31 16:37:08.758][19016][DEBUG] KeyboardManager: Mode set to 0
[2026-03-31 16:37:08.866][19016][INFO] [Lua] Pressed key 0x41 | pickup loot count=1
[2026-03-31 16:37:09.053][19016][DEBUG] DriverMode: ExecRemoteCall func=0x7FF619762A20, ret=997973290640
[2026-03-31 16:37:09.053][19016][INFO] [Lua] Map route progress 16/55 -> 6896.00, 752.00
[2026-03-31 16:37:09.309][19016][INFO] [Lua] Ground items detected | count=1
[2026-03-31 16:37:09.429][19016][DEBUG] KeyboardManager: Mode set to 0
[2026-03-31 16:37:09.537][19016][INFO] [Lua] Pressed key 0x41 | pickup loot count=1
[2026-03-31 16:37:10.578][19016][DEBUG] DriverMode: ExecRemoteCall func=0x7FF619762A20, ret=997973290640
[2026-03-31 16:37:10.966][19016][DEBUG] DriverMode: ExecRemoteCall func=0x7FF619762A20, ret=997973290640
[2026-03-31 16:37:10.966][19016][INFO] [Lua] Map route progress 17/55 -> 7056.00, -816.00
[2026-03-31 16:37:11.324][19016][DEBUG] MouseManager: Trajectory mode set to 0
[2026-03-31 16:37:11.324][19016][INFO] [Lua] Human idle mouse move scheduled | route=Map route target=(741,185) duration=706ms
[2026-03-31 16:37:12.815][19016][DEBUG] MouseManager: Trajectory mode set to 0
[2026-03-31 16:37:12.847][19016][DEBUG] DriverMode: ExecRemoteCall func=0x7FF619762A20, ret=997973290640
[2026-03-31 16:37:13.174][19016][DEBUG] DriverMode: ExecRemoteCall func=0x7FF619762A20, ret=997973290640
[2026-03-31 16:37:13.174][19016][INFO] [Lua] Map route progress 18/55 -> 7056.00, -2160.00
[2026-03-31 16:37:14.687][19016][DEBUG] DriverMode: ExecRemoteCall func=0x7FF619762A20, ret=997973290640
[2026-03-31 16:37:15.149][19016][DEBUG] DriverMode: ExecRemoteCall func=0x7FF619762A20, ret=997973290640
[2026-03-31 16:37:15.149][19016][INFO] [Lua] Map route progress 19/55 -> 3568.00, -2448.00
[2026-03-31 16:37:16.676][19016][DEBUG] DriverMode: ExecRemoteCall func=0x7FF619762A20, ret=997973290640
[2026-03-31 16:37:18.183][19016][DEBUG] DriverMode: ExecRemoteCall func=0x7FF619762A20, ret=997973290640
[2026-03-31 16:37:19.696][19016][DEBUG] DriverMode: ExecRemoteCall func=0x7FF619762A20, ret=997973290640
[2026-03-31 16:37:20.474][19016][DEBUG] DriverMode: ExecRemoteCall func=0x7FF619762A20, ret=997973290640
[2026-03-31 16:37:20.474][19016][INFO] [Lua] Map route progress 20/55 -> 3536.00, -5520.00
[2026-03-31 16:37:21.744][19016][DEBUG] MouseManager: Trajectory mode set to 0
[2026-03-31 16:37:21.744][19016][INFO] [Lua] Human idle mouse move scheduled | route=Map route target=(235,859) duration=467ms
[2026-03-31 16:37:23.654][19016][DEBUG] MouseManager: Trajectory mode set to 0
[2026-03-31 16:37:23.685][19016][DEBUG] DriverMode: ExecRemoteCall func=0x7FF619762A20, ret=997973290640
[2026-03-31 16:37:24.476][19016][DEBUG] DriverMode: ExecRemoteCall func=0x7FF619762A20, ret=997973290640
[2026-03-31 16:37:24.863][19016][DEBUG] DriverMode: ExecRemoteCall func=0x7FF619762A20, ret=997973290640
[2026-03-31 16:37:24.863][19016][INFO] [Lua] Map route progress 21/55 -> 4752.00, -6288.00
[2026-03-31 16:37:26.389][19016][DEBUG] DriverMode: ExecRemoteCall func=0x7FF619762A20, ret=997973290640
[2026-03-31 16:37:26.902][19016][DEBUG] DriverMode: ExecRemoteCall func=0x7FF619762A20, ret=997973290640
[2026-03-31 16:37:26.902][19016][INFO] [Lua] Map route progress 22/55 -> 3824.00, -7408.00
[2026-03-31 16:37:28.419][19016][DEBUG] DriverMode: ExecRemoteCall func=0x7FF619762A20, ret=997973290640
[2026-03-31 16:37:28.884][19016][DEBUG] DriverMode: ExecRemoteCall func=0x7FF619762A20, ret=997973290640
[2026-03-31 16:37:28.884][19016][INFO] [Lua] Map route progress 23/55 -> 4112.00, -8464.00
[2026-03-31 16:37:30.406][19016][DEBUG] DriverMode: ExecRemoteCall func=0x7FF619762A20, ret=997973290640
[2026-03-31 16:37:30.468][19016][DEBUG] DriverMode: ExecRemoteCall func=0x7FF619762A20, ret=997973290640
[2026-03-31 16:37:30.468][19016][INFO] [Lua] Map route progress 24/55 -> 5200.00, -8624.00
[2026-03-31 16:37:31.990][19016][DEBUG] DriverMode: ExecRemoteCall func=0x7FF619762A20, ret=997973290640
[2026-03-31 16:37:31.990][19016][INFO] [Lua] Map route progress 25/55 -> 5552.00, -7408.00
[2026-03-31 16:37:33.511][19016][DEBUG] DriverMode: ExecRemoteCall func=0x7FF619762A20, ret=997973290640
[2026-03-31 16:37:33.743][19016][DEBUG] DriverMode: ExecRemoteCall func=0x7FF619762A20, ret=997973290640
[2026-03-31 16:37:33.743][19016][INFO] [Lua] Map route progress 26/55 -> 5296.00, -6064.00
[2026-03-31 16:37:35.268][19016][DEBUG] DriverMode: ExecRemoteCall func=0x7FF619762A20, ret=997973290640
[2026-03-31 16:37:35.307][19016][DEBUG] MouseManager: Trajectory mode set to 0
[2026-03-31 16:37:35.307][19016][INFO] [Lua] Human idle mouse move scheduled | route=Map route target=(762,145) duration=535ms
[2026-03-31 16:37:35.346][19016][DEBUG] MouseManager: Trajectory mode set to 0
[2026-03-31 16:37:35.346][19016][INFO] [Lua] Human idle async move canceled | reason=manual_override pos=(372,1049) distance=146.77
[2026-03-31 16:37:35.737][19016][DEBUG] DriverMode: ExecRemoteCall func=0x7FF619762A20, ret=997973290640
[2026-03-31 16:37:35.737][19016][INFO] [Lua] Map route progress 27/55 -> 5744.00, -5488.00
[2026-03-31 16:37:36.763][19016][DEBUG] DriverMode: ExecRemoteCall func=0x7FF619762A20, ret=997973290640
[2026-03-31 16:37:36.763][19016][INFO] [Lua] Map route progress 28/55 -> 7696.00, -5552.00
[2026-03-31 16:37:38.297][19016][DEBUG] DriverMode: ExecRemoteCall func=0x7FF619762A20, ret=997973290640
[2026-03-31 16:37:39.568][19016][INFO] [Lua] Ground items detected | count=2
[2026-03-31 16:37:39.762][19016][DEBUG] KeyboardManager: Mode set to 0
[2026-03-31 16:37:39.872][19016][INFO] [Lua] Pressed key 0x41 | pickup loot count=2
[2026-03-31 16:37:39.902][19016][DEBUG] DriverMode: ExecRemoteCall func=0x7FF619762A20, ret=997973290640
[2026-03-31 16:37:39.902][19016][INFO] [Lua] Map route progress 29/55 -> 9264.00, -5648.00
[2026-03-31 16:37:40.282][19016][INFO] [Lua] Ground items detected | count=3
[2026-03-31 16:37:40.430][19016][DEBUG] KeyboardManager: Mode set to 0
[2026-03-31 16:37:40.541][19016][INFO] [Lua] Pressed key 0x41 | pickup loot count=3
[2026-03-31 16:37:41.100][19016][DEBUG] DriverMode: ExecRemoteCall func=0x7FF619762A20, ret=997973290640
[2026-03-31 16:37:41.264][19016][INFO] [Lua] Ground items detected | count=1
[2026-03-31 16:37:41.413][19016][DEBUG] KeyboardManager: Mode set to 0
[2026-03-31 16:37:41.522][19016][INFO] [Lua] Pressed key 0x41 | pickup loot count=1
[2026-03-31 16:37:42.115][19016][DEBUG] KeyboardManager: Mode set to 0
[2026-03-31 16:37:42.224][19016][INFO] [Lua] Pressed key 0x41 | pickup loot count=1
[2026-03-31 16:37:42.255][19016][DEBUG] DriverMode: ExecRemoteCall func=0x7FF619762A20, ret=997973290640
[2026-03-31 16:37:42.255][19016][INFO] [Lua] Map route progress 30/55 -> 10384.00, -5584.00
[2026-03-31 16:37:42.907][19016][DEBUG] KeyboardManager: Mode set to 0
[2026-03-31 16:37:43.014][19016][INFO] [Lua] Pressed key 0x41 | pickup loot count=1
[2026-03-31 16:37:43.441][19016][INFO] [Lua] Ground items detected | count=1
[2026-03-31 16:37:43.543][19016][DEBUG] KeyboardManager: Mode set to 0
[2026-03-31 16:37:43.653][19016][INFO] [Lua] Pressed key 0x41 | pickup loot count=1
[2026-03-31 16:37:43.715][19016][DEBUG] DriverMode: ExecRemoteCall func=0x7FF619762A20, ret=997973290640
[2026-03-31 16:37:43.776][19016][DEBUG] DriverMode: ExecRemoteCall func=0x7FF619762A20, ret=997973290640
[2026-03-31 16:37:43.776][19016][INFO] [Lua] Map route progress 31/55 -> 10672.00, -7216.00
[2026-03-31 16:37:44.159][19016][INFO] [Lua] Ground items detected | count=2
[2026-03-31 16:37:44.272][19016][DEBUG] KeyboardManager: Mode set to 0
[2026-03-31 16:37:44.381][19016][INFO] [Lua] Pressed key 0x41 | pickup loot count=2
[2026-03-31 16:37:45.033][19016][DEBUG] KeyboardManager: Mode set to 0
[2026-03-31 16:37:45.142][19016][INFO] [Lua] Pressed key 0x41 | pickup loot count=2
[2026-03-31 16:37:45.297][19016][DEBUG] DriverMode: ExecRemoteCall func=0x7FF619762A20, ret=997973290640
[2026-03-31 16:37:46.108][19016][DEBUG] DriverMode: ExecRemoteCall func=0x7FF619762A20, ret=997973290640
[2026-03-31 16:37:46.108][19016][INFO] [Lua] Map route progress 32/55 -> 11920.00, -7184.00
[2026-03-31 16:37:47.615][19016][DEBUG] DriverMode: ExecRemoteCall func=0x7FF619762A20, ret=997973290640
[2026-03-31 16:37:47.647][19016][DEBUG] MouseManager: Trajectory mode set to 0
[2026-03-31 16:37:47.647][19016][INFO] [Lua] Human idle mouse move scheduled | route=Map route target=(574,570) duration=673ms
[2026-03-31 16:37:48.626][19016][DEBUG] MouseManager: Trajectory mode set to 0
[2026-03-31 16:37:48.656][19016][DEBUG] DriverMode: ExecRemoteCall func=0x7FF619762A20, ret=997973290640
[2026-03-31 16:37:48.656][19016][INFO] [Lua] Map route progress 33/55 -> 12176.00, -6128.00
[2026-03-31 16:37:49.249][19016][DEBUG] DriverMode: ExecRemoteCall func=0x7FF619762A20, ret=997973290640
[2026-03-31 16:37:49.485][19016][INFO] [Lua] Ground items detected | count=1
[2026-03-31 16:37:49.618][19016][DEBUG] KeyboardManager: Mode set to 0
[2026-03-31 16:37:49.727][19016][INFO] [Lua] Pressed key 0x41 | pickup loot count=1
[2026-03-31 16:37:50.113][19016][DEBUG] DriverMode: ExecRemoteCall func=0x7FF619762A20, ret=997973290640
[2026-03-31 16:37:50.114][19016][INFO] [Lua] Map route progress 34/55 -> 12112.00, -5584.00
[2026-03-31 16:37:50.318][19016][DEBUG] KeyboardManager: Mode set to 0
[2026-03-31 16:37:50.427][19016][INFO] [Lua] Pressed key 0x41 | pickup loot count=1
[2026-03-31 16:37:50.552][19016][INFO] [Lua] Resume snapshot saved | map=zawu_jiequ stage=route route=Map route mode=map_route pos=12136.05, -5928.16, 105.00 cycle=1 cleanup=0/15
[2026-03-31 16:37:50.552][19016][INFO] [Lua] AvePoint automation stopped
[2026-03-31 16:38:33.266][19016][ERROR] LuaVM DoFile failed [C:\Users\GoldGiven\Desktop\cunnei\release\cunnei_release_usercard_v3/AvePointStandalone.luac]: C:\Users\GoldGiven\Desktop\cunnei\scripts\AvePoint.lua:171: Script execution interrupted
stack traceback:
	...ers\GoldGiven\Desktop\cunnei\scripts\avepoint\hotkey.lua:3162: in function 'main'
	C:\Users\GoldGiven\Desktop\cunnei\scripts\AvePoint.lua:171: in local 'chunk'
	...Data\Local\Temp\0eefe0f2-1598-49aa-b5aa-151b82bd3ca6.lua:41: in main chunk
[2026-03-31 16:38:33.266][19016][ERROR] Task 1 (AvePointStandalone.luac) failed: C:\Users\GoldGiven\Desktop\cunnei\scripts\AvePoint.lua:171: Script execution interrupted
stack traceback:
	...ers\GoldGiven\Desktop\cunnei\scripts\avepoint\hotkey.lua:3162: in function 'main'
	C:\Users\GoldGiven\Desktop\cunnei\scripts\AvePoint.lua:171: in local 'chunk'
	...Data\Local\Temp\0eefe0f2-1598-49aa-b5aa-151b82bd3ca6.lua:41: in main chunk
[2026-03-31 16:38:33.282][12824][DEBUG] ConfigManager: Saved config to C:\Users\GoldGiven\Desktop\cunnei\release\cunnei_release_usercard_v3/config.json
[2026-03-31 16:38:33.282][12824][DEBUG] ImGuiApp: Config saved
[2026-03-31 16:38:33.295][12824][INFO] ImGuiApp: Shutdown complete
[2026-03-31 16:38:33.295][12824][INFO] Engine shutting down...
[2026-03-31 16:38:33.295][12824][DEBUG] LuaVM: State closed
[2026-03-31 16:38:33.295][12824][INFO] LuaHost: Shutdown complete
[2026-03-31 16:38:33.295][12824][INFO] CrashHandler: Shutdown
[2026-03-31 16:38:33.295][12824][INFO] AetherEngine Logger shutting down
